// Vitest Snapshot v1, https://vitest.dev/guide/snapshot.html

exports[`Component > should render without crashing 1`] = `
<body>
  <div>
    <div
      class="atm-keypad svelte-7nxggv"
    >
      <div
        class="display svelte-7nxggv"
      >
        *
        
        *
        
        *
        
        *
        
        
      </div>
       
      <div
        class="keypad svelte-7nxggv"
      >
        <div
          class="row svelte-7nxggv"
        >
          <button
            class="btn svelte-7nxggv"
          >
            1
          </button>
           
          <button
            class="btn svelte-7nxggv"
          >
            2
          </button>
           
          <button
            class="btn svelte-7nxggv"
          >
            3
          </button>
        </div>
         
        <div
          class="row svelte-7nxggv"
        >
          <button
            class="btn svelte-7nxggv"
          >
            4
          </button>
           
          <button
            class="btn svelte-7nxggv"
          >
            5
          </button>
           
          <button
            class="btn svelte-7nxggv"
          >
            6
          </button>
        </div>
         
        <div
          class="row svelte-7nxggv"
        >
          <button
            class="btn svelte-7nxggv"
          >
            7
          </button>
           
          <button
            class="btn svelte-7nxggv"
          >
            8
          </button>
           
          <button
            class="btn svelte-7nxggv"
          >
            9
          </button>
        </div>
         
        <div
          class="row svelte-7nxggv"
        >
          <button
            class="btn red svelte-7nxggv"
          >
            <svg
              height="2rem"
              viewBox="0 0 24 24"
              width="2rem"
              xmlns="http://www.w3.org/2000/svg"
            >
              <path
                d="m16.192 6.344-4.243 4.242-4.242-4.242-1.414 1.414L10.535 12l-4.242 4.242 1.414 1.414 4.242-4.242 4.243 4.242 1.414-1.414L13.364 12l4.242-4.242z"
              />
            </svg>
          </button>
           
          <button
            class="btn svelte-7nxggv"
          >
            0
          </button>
           
          <button
            class="btn green svelte-7nxggv"
          >
            <svg
              height="2rem"
              viewBox="0 0 24 24"
              width="2rem"
              xmlns="http://www.w3.org/2000/svg"
            >
              <path
                d="m10 15.586-3.293-3.293-1.414 1.414L10 18.414l9.707-9.707-1.414-1.414z"
              />
            </svg>
          </button>
        </div>
      </div>
    </div>
     
    <div
      class="combinationDisplayContainer"
    >
      <p
        class="attempts-display svelte-7nxggv"
      >
        Enter known fingerprints
      </p>
       
      <a
        class="disabled svelte-7nxggv"
        href="#"
        role="button"
      >
        Waiting for input
      </a>
    </div>
  </div>
  <div>
    <div
      class="atm-keypad svelte-7nxggv"
    >
      <div
        class="display svelte-7nxggv"
      >
        *
        
        *
        
        *
        
        *
        
        
      </div>
       
      <div
        class="keypad svelte-7nxggv"
      >
        <div
          class="row svelte-7nxggv"
        >
          <button
            class="btn svelte-7nxggv"
          >
            1
          </button>
           
          <button
            class="btn svelte-7nxggv"
          >
            2
          </button>
           
          <button
            class="btn svelte-7nxggv"
          >
            3
          </button>
        </div>
         
        <div
          class="row svelte-7nxggv"
        >
          <button
            class="btn svelte-7nxggv"
          >
            4
          </button>
           
          <button
            class="btn svelte-7nxggv"
          >
            5
          </button>
           
          <button
            class="btn svelte-7nxggv"
          >
            6
          </button>
        </div>
         
        <div
          class="row svelte-7nxggv"
        >
          <button
            class="btn svelte-7nxggv"
          >
            7
          </button>
           
          <button
            class="btn svelte-7nxggv"
          >
            8
          </button>
           
          <button
            class="btn svelte-7nxggv"
          >
            9
          </button>
        </div>
         
        <div
          class="row svelte-7nxggv"
        >
          <button
            class="btn red svelte-7nxggv"
          >
            <svg
              height="2rem"
              viewBox="0 0 24 24"
              width="2rem"
              xmlns="http://www.w3.org/2000/svg"
            >
              <path
                d="m16.192 6.344-4.243 4.242-4.242-4.242-1.414 1.414L10.535 12l-4.242 4.242 1.414 1.414 4.242-4.242 4.243 4.242 1.414-1.414L13.364 12l4.242-4.242z"
              />
            </svg>
          </button>
           
          <button
            class="btn svelte-7nxggv"
          >
            0
          </button>
           
          <button
            class="btn green svelte-7nxggv"
          >
            <svg
              height="2rem"
              viewBox="0 0 24 24"
              width="2rem"
              xmlns="http://www.w3.org/2000/svg"
            >
              <path
                d="m10 15.586-3.293-3.293-1.414 1.414L10 18.414l9.707-9.707-1.414-1.414z"
              />
            </svg>
          </button>
        </div>
      </div>
    </div>
     
    <div
      class="combinationDisplayContainer"
    >
      <p
        class="attempts-display svelte-7nxggv"
      >
        Enter known fingerprints
      </p>
       
      <a
        class="disabled svelte-7nxggv"
        href="#"
        role="button"
      >
        Waiting for input
      </a>
    </div>
  </div>
</body>
`;
