// Vitest Snapshot v1, https://vitest.dev/guide/snapshot.html

exports[`Component > should render with props 1`] = `
<div>
  <div
    class="atm-keypad svelte-1fns08h"
  >
    <div
      class="display svelte-1fns08h"
    >
      *
      
      *
      
      *
      
      *
      
      
    </div>
     
    <div
      class="keypad svelte-1fns08h"
    >
      <div
        class="row svelte-1fns08h"
      >
        <button
          class="btn"
          data-value="1"
        >
          1
        </button>
        <button
          class="btn"
          data-value="2"
        >
          2
        </button>
        <button
          class="btn"
          data-value="3"
        >
          3
        </button>
      </div>
      <div
        class="row svelte-1fns08h"
      >
        <button
          class="btn"
          data-value="4"
        >
          4
        </button>
        <button
          class="btn"
          data-value="5"
        >
          5
        </button>
        <button
          class="btn"
          data-value="6"
        >
          6
        </button>
      </div>
      <div
        class="row svelte-1fns08h"
      >
        <button
          class="btn"
          data-value="7"
        >
          7
        </button>
        <button
          class="btn"
          data-value="8"
        >
          8
        </button>
        <button
          class="btn"
          data-value="9"
        >
          9
        </button>
      </div>
       
      <div
        class="row svelte-1fns08h"
      >
        <button
          class="btn red svelte-1fns08h"
        >
          <svg
            height="2rem"
            viewBox="0 0 24 24"
            width="2rem"
            xmlns="http://www.w3.org/2000/svg"
          >
            <path
              d="m16.192 6.344-4.243 4.242-4.242-4.242-1.414 1.414L10.535 12l-4.242 4.242 1.414 1.414 4.242-4.242 4.243 4.242 1.414-1.414L13.364 12l4.242-4.242z"
            />
          </svg>
        </button>
         
        <button
          class="btn"
          data-value="0"
        >
          0
        </button>
         
        <button
          class="btn green svelte-1fns08h"
        >
          <svg
            height="2rem"
            viewBox="0 0 24 24"
            width="2rem"
            xmlns="http://www.w3.org/2000/svg"
          >
            <path
              d="m10 15.586-3.293-3.293-1.414 1.414L10 18.414l9.707-9.707-1.414-1.414z"
            />
          </svg>
        </button>
      </div>
    </div>
  </div>
   
  <div
    class="combinationDisplayContainer"
  >
    <p
      class="attempts-display svelte-1fns08h"
    >
      Enter known fingerprints
    </p>
     
    <a
      class="btn-inverted disabled svelte-1fns08h"
      href="#"
      role="button"
    >
      Waiting for input
    </a>
     
    <p>
       
    </p>
  </div>
   
  <dialog>
    <article>
      <header
        class="svelte-11kei0n"
      >
        <a
          aria-label="Close"
          class="close"
          href="#close"
        />
         
        All combinations for
         
        
      </header>
       
      <p
        class="svelte-11kei0n"
      >
        Left-click on a combination to mark it as tried
      </p>
       
      <p
        class="svelte-11kei0n"
      >
        Right-click/long-press on a combination to mark it as correct
      </p>
       
      <br />
       
      <p
        class="svelte-11kei0n"
      >
        No combos found.
      </p>
    </article>
  </dialog>
</div>
`;

exports[`Component > should render without crashing 1`] = `
<div>
  <div
    class="atm-keypad svelte-1fns08h"
  >
    <div
      class="display svelte-1fns08h"
    >
      *
      
      *
      
      *
      
      *
      
      
    </div>
     
    <div
      class="keypad svelte-1fns08h"
    >
      <div
        class="row svelte-1fns08h"
      >
        <button
          class="btn"
          data-value="1"
        >
          1
        </button>
        <button
          class="btn"
          data-value="2"
        >
          2
        </button>
        <button
          class="btn"
          data-value="3"
        >
          3
        </button>
      </div>
      <div
        class="row svelte-1fns08h"
      >
        <button
          class="btn"
          data-value="4"
        >
          4
        </button>
        <button
          class="btn"
          data-value="5"
        >
          5
        </button>
        <button
          class="btn"
          data-value="6"
        >
          6
        </button>
      </div>
      <div
        class="row svelte-1fns08h"
      >
        <button
          class="btn"
          data-value="7"
        >
          7
        </button>
        <button
          class="btn"
          data-value="8"
        >
          8
        </button>
        <button
          class="btn"
          data-value="9"
        >
          9
        </button>
      </div>
       
      <div
        class="row svelte-1fns08h"
      >
        <button
          class="btn red svelte-1fns08h"
        >
          <svg
            height="2rem"
            viewBox="0 0 24 24"
            width="2rem"
            xmlns="http://www.w3.org/2000/svg"
          >
            <path
              d="m16.192 6.344-4.243 4.242-4.242-4.242-1.414 1.414L10.535 12l-4.242 4.242 1.414 1.414 4.242-4.242 4.243 4.242 1.414-1.414L13.364 12l4.242-4.242z"
            />
          </svg>
        </button>
         
        <button
          class="btn"
          data-value="0"
        >
          0
        </button>
         
        <button
          class="btn green svelte-1fns08h"
        >
          <svg
            height="2rem"
            viewBox="0 0 24 24"
            width="2rem"
            xmlns="http://www.w3.org/2000/svg"
          >
            <path
              d="m10 15.586-3.293-3.293-1.414 1.414L10 18.414l9.707-9.707-1.414-1.414z"
            />
          </svg>
        </button>
      </div>
    </div>
  </div>
   
  <div
    class="combinationDisplayContainer"
  >
    <p
      class="attempts-display svelte-1fns08h"
    >
      Enter known fingerprints
    </p>
     
    <a
      class="btn-inverted disabled svelte-1fns08h"
      href="#"
      role="button"
    >
      Waiting for input
    </a>
     
    <p>
       
    </p>
  </div>
   
  <dialog>
    <article>
      <header
        class="svelte-11kei0n"
      >
        <a
          aria-label="Close"
          class="close"
          href="#close"
        />
         
        All combinations for
         
        
      </header>
       
      <p
        class="svelte-11kei0n"
      >
        Left-click on a combination to mark it as tried
      </p>
       
      <p
        class="svelte-11kei0n"
      >
        Right-click/long-press on a combination to mark it as correct
      </p>
       
      <br />
       
      <p
        class="svelte-11kei0n"
      >
        No combos found.
      </p>
    </article>
  </dialog>
</div>
`;
